{
'project:angular-1.0.3.js':[
0,
],
'project:dojo-1.8.1/dijit/InlineEditBox.js.uncompressed.js':[
0,
],
'project:dojo-1.8.1/dijit/tree/model.js.uncompressed.js':[
0,
],
'project:dojo-1.8.1/dojo/cldr/nls/ar/buddhist.js.uncompressed.js':[
0,
],
'project:dojo-1.8.1/dojo/cldr/nls/ar/currency.js.uncompressed.js':[
0,
],
'project:dojo-1.8.1/dojo/cldr/nls/ar/gregorian.js.uncompressed.js':[
0,
],
'project:dojo-1.8.1/dojo/cldr/nls/ar/hebrew.js.uncompressed.js':[
0,
],
'project:dojo-1.8.1/dojo/cldr/nls/ar/islamic.js.uncompressed.js':[
0,
],
'project:dojo-1.8.1/dojo/cldr/nls/ar/number.js.uncompressed.js':[
0,
],
'project:dojo-1.8.1/dojo/cldr/nls/buddhist.js.uncompressed.js':[
0,
],
'project:dojo-1.8.1/dojo/cldr/nls/ca/currency.js.uncompressed.js':[
0,
],
'project:dojo-1.8.1/dojo/cldr/nls/ca/gregorian.js.uncompressed.js':[
0,
],
'project:dojo-1.8.1/dojo/cldr/nls/ca/number.js.uncompressed.js':[
0,
],
'project:dojo-1.8.1/dojo/cldr/nls/cs/buddhist.js.uncompressed.js':[
0,
],
'project:dojo-1.8.1/dojo/cldr/nls/cs/currency.js.uncompressed.js':[
0,
],
'project:dojo-1.8.1/dojo/cldr/nls/cs/gregorian.js.uncompressed.js':[
0,
],
'project:dojo-1.8.1/dojo/cldr/nls/cs/islamic.js.uncompressed.js':[
0,
],
'project:dojo-1.8.1/dojo/cldr/nls/cs/number.js.uncompressed.js':[
0,
],
'project:dojo-1.8.1/dojo/cldr/nls/currency.js.uncompressed.js':[
0,
],
'project:dojo-1.8.1/dojo/cldr/nls/da/buddhist.js.uncompressed.js':[
0,
],
'project:dojo-1.8.1/dojo/cldr/nls/da/currency.js.uncompressed.js':[
0,
],
'project:dojo-1.8.1/dojo/cldr/nls/da/gregorian.js.uncompressed.js':[
0,
],
'project:dojo-1.8.1/dojo/cldr/nls/da/islamic.js.uncompressed.js':[
0,
],
'project:dojo-1.8.1/dojo/cldr/nls/da/number.js.uncompressed.js':[
0,
],
'project:dojo-1.8.1/dojo/cldr/nls/de/buddhist.js.uncompressed.js':[
0,
],
'project:dojo-1.8.1/dojo/cldr/nls/de/currency.js.uncompressed.js':[
0,
],
'project:dojo-1.8.1/dojo/cldr/nls/de/gregorian.js.uncompressed.js':[
0,
],
'project:dojo-1.8.1/dojo/cldr/nls/de/islamic.js.uncompressed.js':[
0,
],
'project:dojo-1.8.1/dojo/cldr/nls/de/number.js.uncompressed.js':[
0,
],
'project:dojo-1.8.1/dojo/cldr/nls/el/buddhist.js.uncompressed.js':[
0,
],
'project:dojo-1.8.1/dojo/cldr/nls/el/currency.js.uncompressed.js':[
0,
],
'project:dojo-1.8.1/dojo/cldr/nls/el/gregorian.js.uncompressed.js':[
0,
],
'project:dojo-1.8.1/dojo/cldr/nls/el/hebrew.js.uncompressed.js':[
0,
],
'project:dojo-1.8.1/dojo/cldr/nls/el/number.js.uncompressed.js':[
0,
],
'project:dojo-1.8.1/dojo/cldr/nls/en-au/currency.js.uncompressed.js':[
0,
],
'project:dojo-1.8.1/dojo/cldr/nls/en-au/gregorian.js.uncompressed.js':[
0,
],
'project:dojo-1.8.1/dojo/cldr/nls/en-au/number.js.uncompressed.js':[
0,
],
'project:dojo-1.8.1/dojo/cldr/nls/en-ca/currency.js.uncompressed.js':[
0,
],
'project:dojo-1.8.1/dojo/cldr/nls/en-ca/gregorian.js.uncompressed.js':[
0,
],
'project:dojo-1.8.1/dojo/cldr/nls/en-gb/buddhist.js.uncompressed.js':[
0,
],
'project:dojo-1.8.1/dojo/cldr/nls/en-gb/gregorian.js.uncompressed.js':[
0,
],
'project:dojo-1.8.1/dojo/cldr/nls/en-gb/islamic.js.uncompressed.js':[
0,
],
'project:dojo-1.8.1/dojo/cldr/nls/en-gb/number.js.uncompressed.js':[
0,
],
'project:dojo-1.8.1/dojo/cldr/nls/en/buddhist.js.uncompressed.js':[
0,
],
'project:dojo-1.8.1/dojo/cldr/nls/en/currency.js.uncompressed.js':[
0,
],
'project:dojo-1.8.1/dojo/cldr/nls/en/gregorian.js.uncompressed.js':[
0,
],
'project:dojo-1.8.1/dojo/cldr/nls/en/islamic.js.uncompressed.js':[
0,
],
'project:dojo-1.8.1/dojo/cldr/nls/en/number.js.uncompressed.js':[
0,
],
'project:dojo-1.8.1/dojo/cldr/nls/es/buddhist.js.uncompressed.js':[
0,
],
'project:dojo-1.8.1/dojo/cldr/nls/es/currency.js.uncompressed.js':[
0,
],
'project:dojo-1.8.1/dojo/cldr/nls/es/gregorian.js.uncompressed.js':[
0,
],
'project:dojo-1.8.1/dojo/cldr/nls/es/islamic.js.uncompressed.js':[
0,
],
'project:dojo-1.8.1/dojo/cldr/nls/es/number.js.uncompressed.js':[
0,
],
'project:dojo-1.8.1/dojo/cldr/nls/fi/buddhist.js.uncompressed.js':[
0,
],
'project:dojo-1.8.1/dojo/cldr/nls/fi/currency.js.uncompressed.js':[
0,
],
'project:dojo-1.8.1/dojo/cldr/nls/fi/gregorian.js.uncompressed.js':[
0,
],
'project:dojo-1.8.1/dojo/cldr/nls/fi/hebrew.js.uncompressed.js':[
0,
],
'project:dojo-1.8.1/dojo/cldr/nls/fi/islamic.js.uncompressed.js':[
0,
],
'project:dojo-1.8.1/dojo/cldr/nls/fi/number.js.uncompressed.js':[
0,
],
'project:dojo-1.8.1/dojo/cldr/nls/fr-ch/gregorian.js.uncompressed.js':[
0,
],
'project:dojo-1.8.1/dojo/cldr/nls/fr-ch/number.js.uncompressed.js':[
0,
],
'project:dojo-1.8.1/dojo/cldr/nls/fr/buddhist.js.uncompressed.js':[
0,
],
'project:dojo-1.8.1/dojo/cldr/nls/fr/currency.js.uncompressed.js':[
0,
],
'project:dojo-1.8.1/dojo/cldr/nls/fr/gregorian.js.uncompressed.js':[
0,
],
'project:dojo-1.8.1/dojo/cldr/nls/fr/hebrew.js.uncompressed.js':[
0,
],
'project:dojo-1.8.1/dojo/cldr/nls/fr/islamic.js.uncompressed.js':[
0,
],
'project:dojo-1.8.1/dojo/cldr/nls/fr/number.js.uncompressed.js':[
0,
],
'project:dojo-1.8.1/dojo/cldr/nls/gregorian.js.uncompressed.js':[
0,
],
'project:dojo-1.8.1/dojo/cldr/nls/he/currency.js.uncompressed.js':[
0,
],
'project:dojo-1.8.1/dojo/cldr/nls/he/gregorian.js.uncompressed.js':[
0,
],
'project:dojo-1.8.1/dojo/cldr/nls/he/hebrew.js.uncompressed.js':[
0,
],
'project:dojo-1.8.1/dojo/cldr/nls/he/islamic.js.uncompressed.js':[
0,
],
'project:dojo-1.8.1/dojo/cldr/nls/he/number.js.uncompressed.js':[
0,
],
'project:dojo-1.8.1/dojo/cldr/nls/hebrew.js.uncompressed.js':[
0,
],
'project:dojo-1.8.1/dojo/cldr/nls/hu/buddhist.js.uncompressed.js':[
0,
],
'project:dojo-1.8.1/dojo/cldr/nls/hu/currency.js.uncompressed.js':[
0,
],
'project:dojo-1.8.1/dojo/cldr/nls/hu/gregorian.js.uncompressed.js':[
0,
],
'project:dojo-1.8.1/dojo/cldr/nls/hu/hebrew.js.uncompressed.js':[
0,
],
'project:dojo-1.8.1/dojo/cldr/nls/hu/islamic.js.uncompressed.js':[
0,
],
'project:dojo-1.8.1/dojo/cldr/nls/hu/number.js.uncompressed.js':[
0,
],
'project:dojo-1.8.1/dojo/cldr/nls/islamic.js.uncompressed.js':[
0,
],
'project:dojo-1.8.1/dojo/cldr/nls/it/buddhist.js.uncompressed.js':[
0,
],
'project:dojo-1.8.1/dojo/cldr/nls/it/currency.js.uncompressed.js':[
0,
],
'project:dojo-1.8.1/dojo/cldr/nls/it/gregorian.js.uncompressed.js':[
0,
],
'project:dojo-1.8.1/dojo/cldr/nls/it/islamic.js.uncompressed.js':[
0,
],
'project:dojo-1.8.1/dojo/cldr/nls/it/number.js.uncompressed.js':[
0,
],
'project:dojo-1.8.1/dojo/cldr/nls/ja/buddhist.js.uncompressed.js':[
0,
],
'project:dojo-1.8.1/dojo/cldr/nls/ja/currency.js.uncompressed.js':[
0,
],
'project:dojo-1.8.1/dojo/cldr/nls/ja/gregorian.js.uncompressed.js':[
0,
],
'project:dojo-1.8.1/dojo/cldr/nls/ja/hebrew.js.uncompressed.js':[
0,
],
'project:dojo-1.8.1/dojo/cldr/nls/ja/islamic.js.uncompressed.js':[
0,
],
'project:dojo-1.8.1/dojo/cldr/nls/ja/number.js.uncompressed.js':[
0,
],
'project:dojo-1.8.1/dojo/cldr/nls/ko/buddhist.js.uncompressed.js':[
0,
],
'project:dojo-1.8.1/dojo/cldr/nls/ko/currency.js.uncompressed.js':[
0,
],
'project:dojo-1.8.1/dojo/cldr/nls/ko/gregorian.js.uncompressed.js':[
0,
],
'project:dojo-1.8.1/dojo/cldr/nls/ko/number.js.uncompressed.js':[
0,
],
'project:dojo-1.8.1/dojo/cldr/nls/nb/buddhist.js.uncompressed.js':[
0,
],
'project:dojo-1.8.1/dojo/cldr/nls/nb/currency.js.uncompressed.js':[
0,
],
'project:dojo-1.8.1/dojo/cldr/nls/nb/gregorian.js.uncompressed.js':[
0,
],
'project:dojo-1.8.1/dojo/cldr/nls/nb/islamic.js.uncompressed.js':[
0,
],
'project:dojo-1.8.1/dojo/cldr/nls/nb/number.js.uncompressed.js':[
0,
],
'project:dojo-1.8.1/dojo/cldr/nls/nl/buddhist.js.uncompressed.js':[
0,
],
'project:dojo-1.8.1/dojo/cldr/nls/nl/currency.js.uncompressed.js':[
0,
],
'project:dojo-1.8.1/dojo/cldr/nls/nl/gregorian.js.uncompressed.js':[
0,
],
'project:dojo-1.8.1/dojo/cldr/nls/nl/hebrew.js.uncompressed.js':[
0,
],
'project:dojo-1.8.1/dojo/cldr/nls/nl/islamic.js.uncompressed.js':[
0,
],
'project:dojo-1.8.1/dojo/cldr/nls/nl/number.js.uncompressed.js':[
0,
],
'project:dojo-1.8.1/dojo/cldr/nls/number.js.uncompressed.js':[
0,
],
'project:dojo-1.8.1/dojo/cldr/nls/pl/buddhist.js.uncompressed.js':[
0,
],
'project:dojo-1.8.1/dojo/cldr/nls/pl/currency.js.uncompressed.js':[
0,
],
'project:dojo-1.8.1/dojo/cldr/nls/pl/gregorian.js.uncompressed.js':[
0,
],
'project:dojo-1.8.1/dojo/cldr/nls/pl/hebrew.js.uncompressed.js':[
0,
],
'project:dojo-1.8.1/dojo/cldr/nls/pl/islamic.js.uncompressed.js':[
0,
],
'project:dojo-1.8.1/dojo/cldr/nls/pl/number.js.uncompressed.js':[
0,
],
'project:dojo-1.8.1/dojo/cldr/nls/pt-pt/buddhist.js.uncompressed.js':[
0,
],
'project:dojo-1.8.1/dojo/cldr/nls/pt-pt/currency.js.uncompressed.js':[
0,
],
'project:dojo-1.8.1/dojo/cldr/nls/pt-pt/gregorian.js.uncompressed.js':[
0,
],
'project:dojo-1.8.1/dojo/cldr/nls/pt-pt/islamic.js.uncompressed.js':[
0,
],
'project:dojo-1.8.1/dojo/cldr/nls/pt-pt/number.js.uncompressed.js':[
0,
],
'project:dojo-1.8.1/dojo/cldr/nls/pt/buddhist.js.uncompressed.js':[
0,
],
'project:dojo-1.8.1/dojo/cldr/nls/pt/currency.js.uncompressed.js':[
0,
],
'project:dojo-1.8.1/dojo/cldr/nls/pt/gregorian.js.uncompressed.js':[
0,
],
'project:dojo-1.8.1/dojo/cldr/nls/pt/hebrew.js.uncompressed.js':[
0,
],
'project:dojo-1.8.1/dojo/cldr/nls/pt/islamic.js.uncompressed.js':[
0,
],
'project:dojo-1.8.1/dojo/cldr/nls/pt/number.js.uncompressed.js':[
0,
],
'project:dojo-1.8.1/dojo/cldr/nls/ro/buddhist.js.uncompressed.js':[
0,
],
'project:dojo-1.8.1/dojo/cldr/nls/ro/currency.js.uncompressed.js':[
0,
],
'project:dojo-1.8.1/dojo/cldr/nls/ro/gregorian.js.uncompressed.js':[
0,
],
'project:dojo-1.8.1/dojo/cldr/nls/ro/hebrew.js.uncompressed.js':[
0,
],
'project:dojo-1.8.1/dojo/cldr/nls/ro/islamic.js.uncompressed.js':[
0,
],
'project:dojo-1.8.1/dojo/cldr/nls/ro/number.js.uncompressed.js':[
0,
],
'project:dojo-1.8.1/dojo/cldr/nls/ru/buddhist.js.uncompressed.js':[
0,
],
'project:dojo-1.8.1/dojo/cldr/nls/ru/currency.js.uncompressed.js':[
0,
],
'project:dojo-1.8.1/dojo/cldr/nls/ru/gregorian.js.uncompressed.js':[
0,
],
'project:dojo-1.8.1/dojo/cldr/nls/ru/hebrew.js.uncompressed.js':[
0,
],
'project:dojo-1.8.1/dojo/cldr/nls/ru/islamic.js.uncompressed.js':[
0,
],
'project:dojo-1.8.1/dojo/cldr/nls/ru/number.js.uncompressed.js':[
0,
],
'project:dojo-1.8.1/dojo/cldr/nls/sk/currency.js.uncompressed.js':[
0,
],
'project:dojo-1.8.1/dojo/cldr/nls/sk/gregorian.js.uncompressed.js':[
0,
],
'project:dojo-1.8.1/dojo/cldr/nls/sk/number.js.uncompressed.js':[
0,
],
'project:dojo-1.8.1/dojo/cldr/nls/sl/currency.js.uncompressed.js':[
0,
],
'project:dojo-1.8.1/dojo/cldr/nls/sl/gregorian.js.uncompressed.js':[
0,
],
'project:dojo-1.8.1/dojo/cldr/nls/sl/number.js.uncompressed.js':[
0,
],
'project:dojo-1.8.1/dojo/cldr/nls/sv/buddhist.js.uncompressed.js':[
0,
],
'project:dojo-1.8.1/dojo/cldr/nls/sv/currency.js.uncompressed.js':[
0,
],
'project:dojo-1.8.1/dojo/cldr/nls/sv/gregorian.js.uncompressed.js':[
0,
],
'project:dojo-1.8.1/dojo/cldr/nls/sv/hebrew.js.uncompressed.js':[
0,
],
'project:dojo-1.8.1/dojo/cldr/nls/sv/islamic.js.uncompressed.js':[
0,
],
'project:dojo-1.8.1/dojo/cldr/nls/sv/number.js.uncompressed.js':[
0,
],
'project:dojo-1.8.1/dojo/cldr/nls/th/buddhist.js.uncompressed.js':[
0,
],
'project:dojo-1.8.1/dojo/cldr/nls/th/currency.js.uncompressed.js':[
0,
],
'project:dojo-1.8.1/dojo/cldr/nls/th/gregorian.js.uncompressed.js':[
0,
],
'project:dojo-1.8.1/dojo/cldr/nls/th/hebrew.js.uncompressed.js':[
0,
],
'project:dojo-1.8.1/dojo/cldr/nls/th/islamic.js.uncompressed.js':[
0,
],
'project:dojo-1.8.1/dojo/cldr/nls/th/number.js.uncompressed.js':[
0,
],
'project:dojo-1.8.1/dojo/cldr/nls/tr/buddhist.js.uncompressed.js':[
0,
],
'project:dojo-1.8.1/dojo/cldr/nls/tr/currency.js.uncompressed.js':[
0,
],
'project:dojo-1.8.1/dojo/cldr/nls/tr/gregorian.js.uncompressed.js':[
0,
],
'project:dojo-1.8.1/dojo/cldr/nls/tr/hebrew.js.uncompressed.js':[
0,
],
'project:dojo-1.8.1/dojo/cldr/nls/tr/islamic.js.uncompressed.js':[
0,
],
'project:dojo-1.8.1/dojo/cldr/nls/tr/number.js.uncompressed.js':[
0,
],
'project:dojo-1.8.1/dojo/cldr/nls/zh-hant/buddhist.js.uncompressed.js':[
0,
],
'project:dojo-1.8.1/dojo/cldr/nls/zh-hant/currency.js.uncompressed.js':[
0,
],
'project:dojo-1.8.1/dojo/cldr/nls/zh-hant/gregorian.js.uncompressed.js':[
0,
],
'project:dojo-1.8.1/dojo/cldr/nls/zh-hant/hebrew.js.uncompressed.js':[
0,
],
'project:dojo-1.8.1/dojo/cldr/nls/zh-hant/islamic.js.uncompressed.js':[
0,
],
'project:dojo-1.8.1/dojo/cldr/nls/zh-hant/number.js.uncompressed.js':[
0,
],
'project:dojo-1.8.1/dojo/cldr/nls/zh-hk/currency.js.uncompressed.js':[
0,
],
'project:dojo-1.8.1/dojo/cldr/nls/zh-hk/gregorian.js.uncompressed.js':[
0,
],
'project:dojo-1.8.1/dojo/cldr/nls/zh-hk/number.js.uncompressed.js':[
0,
],
'project:dojo-1.8.1/dojo/cldr/nls/zh-tw/currency.js.uncompressed.js':[
0,
],
'project:dojo-1.8.1/dojo/cldr/nls/zh-tw/gregorian.js.uncompressed.js':[
0,
],
'project:dojo-1.8.1/dojo/cldr/nls/zh-tw/number.js.uncompressed.js':[
0,
],
'project:dojo-1.8.1/dojo/cldr/nls/zh/buddhist.js.uncompressed.js':[
0,
],
'project:dojo-1.8.1/dojo/cldr/nls/zh/currency.js.uncompressed.js':[
0,
],
'project:dojo-1.8.1/dojo/cldr/nls/zh/gregorian.js.uncompressed.js':[
0,
],
'project:dojo-1.8.1/dojo/cldr/nls/zh/hebrew.js.uncompressed.js':[
0,
],
'project:dojo-1.8.1/dojo/cldr/nls/zh/islamic.js.uncompressed.js':[
0,
],
'project:dojo-1.8.1/dojo/cldr/nls/zh/number.js.uncompressed.js':[
0,
],
'project:dojo-1.8.1/dojo/io-query.js.uncompressed.js':[
0,
],
'project:dojo-1.8.1/dojo/node.js.uncompressed.js':[
0,
],
'project:dojo-1.8.1/dojo/store/JsonRest.js.uncompressed.js':[
0,
],
'project:dojo-1.8.1/dojox/atom/io/Connection.js.uncompressed.js':[
0,
],
'project:dojo-1.8.1/dojox/atom/widget/FeedViewer.js.uncompressed.js':[
0,
],
'project:dojo-1.8.1/dojox/calendar/time.js.uncompressed.js':[
0,
],
'project:dojo-1.8.1/dojox/date/buddhist.js.uncompressed.js':[
0,
],
'project:dojo-1.8.1/dojox/date/islamic.js.uncompressed.js':[
0,
],
'project:dojo-1.8.1/dojox/date/islamic/locale.js.uncompressed.js':[
0,
],
'project:dojo-1.8.1/dojox/date/php.js.uncompressed.js':[
0,
],
'project:dojo-1.8.1/dojox/date/posix.js.uncompressed.js':[
0,
],
'project:dojo-1.8.1/dojox/dnd/BoundingBoxController.js.uncompressed.js':[
0,
],
'project:dojo-1.8.1/dojox/dnd/Selector.js.uncompressed.js':[
0,
],
'project:dojo-1.8.1/dojox/dtl.js.uncompressed.js':[
0,
],
'project:dojo-1.8.1/dojox/dtl/Context.js.uncompressed.js':[
0,
],
'project:dojo-1.8.1/dojox/dtl/DomInline.js.uncompressed.js':[
0,
],
'project:dojo-1.8.1/dojox/dtl/Inline.js.uncompressed.js':[
0,
],
'project:dojo-1.8.1/dojox/dtl/contrib/data.js.uncompressed.js':[
0,
],
'project:dojo-1.8.1/dojox/dtl/contrib/dom.js.uncompressed.js':[
0,
],
'project:dojo-1.8.1/dojox/dtl/contrib/objects.js.uncompressed.js':[
0,
],
'project:dojo-1.8.1/dojox/dtl/ext-dojo/NodeList.js.uncompressed.js':[
0,
],
'project:dojo-1.8.1/dojox/dtl/filter/dates.js.uncompressed.js':[
0,
],
'project:dojo-1.8.1/dojox/dtl/filter/htmlstrings.js.uncompressed.js':[
0,
],
'project:dojo-1.8.1/dojox/dtl/filter/integers.js.uncompressed.js':[
0,
],
'project:dojo-1.8.1/dojox/dtl/filter/lists.js.uncompressed.js':[
0,
],
'project:dojo-1.8.1/dojox/dtl/filter/logic.js.uncompressed.js':[
0,
],
'project:dojo-1.8.1/dojox/dtl/filter/strings.js.uncompressed.js':[
0,
],
'project:dojo-1.8.1/dojox/dtl/tag/loader.js.uncompressed.js':[
0,
],
'project:dojo-1.8.1/dojox/dtl/tag/logic.js.uncompressed.js':[
0,
],
'project:dojo-1.8.1/dojox/dtl/tag/loop.js.uncompressed.js':[
0,
],
'project:dojo-1.8.1/dojox/dtl/tag/misc.js.uncompressed.js':[
0,
],
'project:dojo-1.8.1/dojox/editor/plugins/_SpellCheckParser.js.uncompressed.js':[
0,
],
'project:dojo-1.8.1/dojox/form/CheckedMultiSelect.js.uncompressed.js':[
0,
],
'project:dojo-1.8.1/dojox/form/DropDownSelect.js.uncompressed.js':[
0,
],
'project:dojo-1.8.1/dojox/form/DropDownStack.js.uncompressed.js':[
0,
],
'project:dojo-1.8.1/dojox/form/FileInputBlind.js.uncompressed.js':[
0,
],
'project:dojo-1.8.1/dojox/form/FilePickerTextBox.js.uncompressed.js':[
0,
],
'project:dojo-1.8.1/dojox/form/Manager.js.uncompressed.js':[
0,
],
'project:dojo-1.8.1/dojox/form/MonthTextBox.js.uncompressed.js':[
0,
],
'project:dojo-1.8.1/dojox/form/MultiComboBox.js.uncompressed.js':[
0,
],
'project:dojo-1.8.1/dojox/form/RadioStack.js.uncompressed.js':[
0,
],
'project:dojo-1.8.1/dojox/form/_FormSelectWidget.js.uncompressed.js':[
0,
],
'project:dojo-1.8.1/dojox/form/_HasDropDown.js.uncompressed.js':[
0,
],
'project:dojo-1.8.1/dojox/fx/_arg.js.uncompressed.js':[
0,
],
'project:dojo-1.8.1/dojox/fx/ext-dojo/reverse.js.uncompressed.js':[
0,
],
'project:dojo-1.8.1/dojox/fx/scroll.js.uncompressed.js':[
0,
],
'project:dojo-1.8.1/dojox/fx/split.js.uncompressed.js':[
0,
],
'project:dojo-1.8.1/dojox/gantt/GanttChart.js.uncompressed.js':[
0,
],
'project:dojo-1.8.1/dojox/gantt/GanttResourceItem.js.uncompressed.js':[
0,
],
'project:dojo-1.8.1/dojox/gantt/GanttTaskControl.js.uncompressed.js':[
0,
],
'project:dojo-1.8.1/dojox/gauges/AnalogArrowIndicator.js.uncompressed.js':[
0,
],
'project:dojo-1.8.1/dojox/gauges/AnalogIndicatorBase.js.uncompressed.js':[
0,
],
'project:dojo-1.8.1/dojox/gauges/AnalogLineIndicator.js.uncompressed.js':[
0,
],
'project:dojo-1.8.1/dojox/gauges/BarCircleIndicator.js.uncompressed.js':[
0,
],
'project:dojo-1.8.1/dojox/gauges/BarLineIndicator.js.uncompressed.js':[
0,
],
'project:dojo-1.8.1/dojox/gauges/GlossyCircularGaugeNeedle.js.uncompressed.js':[
0,
],
'project:dojo-1.8.1/dojox/gauges/GlossyHorizontalGaugeMarker.js.uncompressed.js':[
0,
],
'project:dojo-1.8.1/dojox/gauges/Range.js.uncompressed.js':[
0,
],
'project:dojo-1.8.1/dojox/geo/charting/Feature.js.uncompressed.js':[
0,
],
'project:dojo-1.8.1/dojox/geo/charting/KeyboardInteractionSupport.js.uncompressed.js':[
0,
],
'project:dojo-1.8.1/dojox/geo/charting/Map.js.uncompressed.js':[
0,
],
'project:dojo-1.8.1/dojox/gesture/Base.js.uncompressed.js':[
0,
],
'project:dojo-1.8.1/dojox/gesture/swipe.js.uncompressed.js':[
0,
],
'project:dojo-1.8.1/dojox/gesture/tap.js.uncompressed.js':[
0,
],
'project:dojo-1.8.1/dojox/gfx3d/_base.js.uncompressed.js':[
0,
],
'project:dojo-1.8.1/dojox/gfx3d/gradient.js.uncompressed.js':[
0,
],
'project:dojo-1.8.1/dojox/gfx3d/matrix.js.uncompressed.js':[
0,
],
'project:dojo-1.8.1/dojox/gfx3d/scheduler.js.uncompressed.js':[
0,
],
'project:dojo-1.8.1/dojox/grid/DataSelection.js.uncompressed.js':[
0,
],
'project:dojo-1.8.1/dojox/grid/LazyTreeGrid.js.uncompressed.js':[
0,
],
'project:dojo-1.8.1/dojox/grid/Selection.js.uncompressed.js':[
0,
],
'project:dojo-1.8.1/dojox/grid/TreeGrid.js.uncompressed.js':[
0,
],
'project:dojo-1.8.1/dojox/grid/TreeSelection.js.uncompressed.js':[
0,
],
'project:dojo-1.8.1/dojox/grid/_Builder.js.uncompressed.js':[
0,
],
'project:dojo-1.8.1/dojox/grid/_CheckBoxSelector.js.uncompressed.js':[
0,
],
'project:dojo-1.8.1/dojox/grid/_EditManager.js.uncompressed.js':[
0,
],
'project:dojo-1.8.1/dojox/grid/_Events.js.uncompressed.js':[
0,
],
'project:dojo-1.8.1/dojox/grid/_FocusManager.js.uncompressed.js':[
0,
],
'project:dojo-1.8.1/dojox/grid/_Layout.js.uncompressed.js':[
0,
],
'project:dojo-1.8.1/dojox/grid/_RadioSelector.js.uncompressed.js':[
0,
],
'project:dojo-1.8.1/dojox/grid/_RowManager.js.uncompressed.js':[
0,
],
'project:dojo-1.8.1/dojox/grid/_RowSelector.js.uncompressed.js':[
0,
],
'project:dojo-1.8.1/dojox/grid/_SelectionPreserver.js.uncompressed.js':[
0,
],
'project:dojo-1.8.1/dojox/grid/_Selector.js.uncompressed.js':[
0,
],
'project:dojo-1.8.1/dojox/grid/_TreeView.js.uncompressed.js':[
0,
],
'project:dojo-1.8.1/dojox/grid/_View.js.uncompressed.js':[
0,
],
'project:dojo-1.8.1/dojox/grid/_ViewManager.js.uncompressed.js':[
0,
],
'project:dojo-1.8.1/dojox/grid/cells.js.uncompressed.js':[
0,
],
'project:dojo-1.8.1/dojox/grid/cells/_base.js.uncompressed.js':[
0,
],
'project:dojo-1.8.1/dojox/grid/cells/tree.js.uncompressed.js':[
0,
],
'project:dojo-1.8.1/dojox/grid/enhanced/_Events.js.uncompressed.js':[
0,
],
'project:dojo-1.8.1/dojox/grid/enhanced/_FocusManager.js.uncompressed.js':[
0,
],
'project:dojo-1.8.1/dojox/grid/enhanced/plugins/Pagination.js.uncompressed.js':[
0,
],
'project:dojo-1.8.1/dojox/grid/enhanced/plugins/Rearrange.js.uncompressed.js':[
0,
],
'project:dojo-1.8.1/dojox/grid/enhanced/plugins/Search.js.uncompressed.js':[
0,
],
'project:dojo-1.8.1/dojox/grid/enhanced/plugins/Selector.js.uncompressed.js':[
0,
],
'project:dojo-1.8.1/dojox/grid/nls/DataGrid_ROOT.js.uncompressed.js':[
0,
],
'project:dojo-1.8.1/dojox/grid/nls/DataGrid_ar.js.uncompressed.js':[
0,
],
'project:dojo-1.8.1/dojox/grid/nls/DataGrid_ca.js.uncompressed.js':[
0,
],
'project:dojo-1.8.1/dojox/grid/nls/DataGrid_cs.js.uncompressed.js':[
0,
],
'project:dojo-1.8.1/dojox/grid/nls/DataGrid_da.js.uncompressed.js':[
0,
],
'project:dojo-1.8.1/dojox/grid/nls/DataGrid_de.js.uncompressed.js':[
0,
],
'project:dojo-1.8.1/dojox/grid/nls/DataGrid_el.js.uncompressed.js':[
0,
],
'project:dojo-1.8.1/dojox/grid/nls/DataGrid_en-gb.js.uncompressed.js':[
0,
],
'project:dojo-1.8.1/dojox/grid/nls/DataGrid_en-us.js.uncompressed.js':[
0,
],
'project:dojo-1.8.1/dojox/grid/nls/DataGrid_es-es.js.uncompressed.js':[
0,
],
'project:dojo-1.8.1/dojox/grid/nls/DataGrid_fi-fi.js.uncompressed.js':[
0,
],
'project:dojo-1.8.1/dojox/grid/nls/DataGrid_fr-fr.js.uncompressed.js':[
0,
],
'project:dojo-1.8.1/dojox/grid/nls/DataGrid_he-il.js.uncompressed.js':[
0,
],
'project:dojo-1.8.1/dojox/grid/nls/DataGrid_hu.js.uncompressed.js':[
0,
],
'project:dojo-1.8.1/dojox/grid/nls/DataGrid_it-it.js.uncompressed.js':[
0,
],
'project:dojo-1.8.1/dojox/grid/nls/DataGrid_ja-jp.js.uncompressed.js':[
0,
],
'project:dojo-1.8.1/dojox/grid/nls/DataGrid_ko-kr.js.uncompressed.js':[
0,
],
'project:dojo-1.8.1/dojox/grid/nls/DataGrid_nb.js.uncompressed.js':[
0,
],
'project:dojo-1.8.1/dojox/grid/nls/DataGrid_nl-nl.js.uncompressed.js':[
0,
],
'project:dojo-1.8.1/dojox/grid/nls/DataGrid_pl.js.uncompressed.js':[
0,
],
'project:dojo-1.8.1/dojox/grid/nls/DataGrid_pt-br.js.uncompressed.js':[
0,
],
'project:dojo-1.8.1/dojox/grid/nls/DataGrid_pt-pt.js.uncompressed.js':[
0,
],
'project:dojo-1.8.1/dojox/grid/nls/DataGrid_ru.js.uncompressed.js':[
0,
],
'project:dojo-1.8.1/dojox/grid/nls/DataGrid_sk.js.uncompressed.js':[
0,
],
'project:dojo-1.8.1/dojox/grid/nls/DataGrid_sl.js.uncompressed.js':[
0,
],
'project:dojo-1.8.1/dojox/grid/nls/DataGrid_sv.js.uncompressed.js':[
0,
],
'project:dojo-1.8.1/dojox/grid/nls/DataGrid_th.js.uncompressed.js':[
0,
],
'project:dojo-1.8.1/dojox/grid/nls/DataGrid_tr.js.uncompressed.js':[
0,
],
'project:dojo-1.8.1/dojox/grid/nls/DataGrid_zh-cn.js.uncompressed.js':[
0,
],
'project:dojo-1.8.1/dojox/grid/nls/DataGrid_zh-tw.js.uncompressed.js':[
0,
],
'project:dojo-1.8.1/dojox/grid/util.js.uncompressed.js':[
0,
],
'project:dojo-1.8.1/dojox/highlight/languages/pygments/_html.js.uncompressed.js':[
0,
],
'project:dojo-1.8.1/dojox/highlight/languages/pygments/xml.js.uncompressed.js':[
0,
],
'project:dojo-1.8.1/dojox/highlight/widget/Code.js.uncompressed.js':[
0,
],
'project:dojo-1.8.1/dojox/html.js.uncompressed.js':[
0,
],
'project:dojo-1.8.1/dojox/html/_base.js.uncompressed.js':[
0,
],
'project:dojo-1.8.1/dojox/html/metrics.js.uncompressed.js':[
0,
],
'project:dojo-1.8.1/dojox/image.js.uncompressed.js':[
0,
],
'project:dojo-1.8.1/dojox/image/Magnifier.js.uncompressed.js':[
0,
],
'project:dojo-1.8.1/dojox/image/_base.js.uncompressed.js':[
0,
],
'project:dojo-1.8.1/dojox/json/query.js.uncompressed.js':[
0,
],
'project:dojo-1.8.1/dojox/layout/FloatingPane.js.uncompressed.js':[
0,
],
'project:dojo-1.8.1/dojox/main.js.uncompressed.js':[
0,
],
'project:dojo-1.8.1/dojox/mdnd/AreaManager.js.uncompressed.js':[
0,
],
'project:dojo-1.8.1/dojox/mdnd/PureSource.js.uncompressed.js':[
0,
],
'project:dojo-1.8.1/dojox/socket.js.uncompressed.js':[
0,
],
'project:dojo-1.8.1/dojox/testing/DocTest.js.uncompressed.js':[
0,
],
'project:dojo-1.8.1/dojox/treemap/DrillDownUp.js.uncompressed.js':[
0,
],
'project:dojo-1.8.1/dojox/treemap/GroupLabel.js.uncompressed.js':[
0,
],
'project:dojo-1.8.1/dojox/treemap/Keyboard.js.uncompressed.js':[
0,
],
'project:dojo-1.8.1/dojox/treemap/ScaledLabel.js.uncompressed.js':[
0,
],
'project:dojo-1.8.1/dojox/widget/Calendar.js.uncompressed.js':[
0,
],
'project:dojo-1.8.1/dojox/widget/Calendar2Pane.js.uncompressed.js':[
0,
],
'project:dojo-1.8.1/dojox/widget/Calendar3Pane.js.uncompressed.js':[
0,
],
'project:dojo-1.8.1/dojox/widget/FisheyeListItem.js.uncompressed.js':[
0,
],
'project:dojo-1.8.1/dojox/widget/PagerItem.js.uncompressed.js':[
0,
],
'project:dojo-1.8.1/dojox/widget/Portlet.js.uncompressed.js':[
0,
],
'project:dojo-1.8.1/dojox/widget/Rotator.js.uncompressed.js':[
0,
],
'project:dojo-1.8.1/dojox/widget/_CalendarDayView.js.uncompressed.js':[
0,
],
'project:dojo-1.8.1/dojox/widget/_CalendarMonthView.js.uncompressed.js':[
0,
],
'project:dojo-1.8.1/dojox/widget/_CalendarMonthYear.js.uncompressed.js':[
0,
],
'project:dojo-1.8.1/dojox/widget/_CalendarYear.js.uncompressed.js':[
0,
],
'project:dojo-1.8.1/dojox/widget/rotator/Controller.js.uncompressed.js':[
0,
],
'project:dojo-1.8.1/dojox/widget/rotator/Fade.js.uncompressed.js':[
0,
],
'project:dojo-1.8.1/dojox/widget/rotator/Pan.js.uncompressed.js':[
0,
],
'project:dojo-1.8.1/dojox/widget/rotator/PanFade.js.uncompressed.js':[
0,
],
'project:dojo-1.8.1/dojox/widget/rotator/Slide.js.uncompressed.js':[
0,
],
'project:dojo-1.8.1/dojox/widget/rotator/ThumbnailController.js.uncompressed.js':[
0,
],
'project:dojo-1.8.1/dojox/widget/rotator/Wipe.js.uncompressed.js':[
0,
],
'project:ecmascript6/di.js/chrome-extension/visualize/lib/angular.js':[
0,
],
'project:ecmascript6/di.js/chrome-extension/visualize/lib/d3.v3.js':[
0,
],
'project:ecmascript6/di.js/visualize/lib/angular.js':[
0,
],
'project:ecmascript6/di.js/visualize/lib/d3.v3.js':[
0,
],
'project:ecmascript6/ecmascript6-today/10-modules/js/circle.js':[
0,
],
'project:ecmascript6/ecmascript6-today/10-modules/js/main.js':[
0,
],
'project:ecmascript6/expressionist.js/src/types.js':[
0,
],
'project:ecmascript6/http/test/IRequest.spec.js':[
0,
],
'project:ecmascript6/http/test/IResponse.spec.js':[
0,
],
'project:ecmascript6/http/test/TestUtils.js':[
0,
],
'project:ecmascript6/reddit-mobile/buildTasks/utils/notify.js':[
0,
],
'project:ecmascript6/reddit-mobile/src/EUCountries.es6.js':[
0,
],
'project:ecmascript6/reddit-mobile/src/lib/loid.es6.js':[
0,
],
'project:ecmascript6/reddit-mobile/src/lib/savedReply.es6.js':[
0,
],
'project:ecmascript6/reddit-mobile/src/sideNavAboutMenuItems.es6.js':[
0,
],
'project:ecmascript6/reddit-mobile/test/lib/formatDifference.es6.js':[
0,
],
'project:ecmascript6/router/examples/directives.js':[
0,
],
'project:ecmascript6/router/examples/hello/jsonp.js':[
0,
],
'project:ecmascript6/router/examples/http.js':[
0,
],
'project:ecmascript6/router/src/activation.js':[
0,
],
'project:ecmascript6/router/src/history.js':[
0,
],
'project:ecmascript6/router/src/index.js':[
0,
],
'project:ecmascript6/router/src/navigationCommand.js':[
0,
],
'project:ecmascript6/router/src/navigationContext.js':[
0,
],
'project:ecmascript6/router/src/navigationInstruction.js':[
0,
],
'project:ecmascript6/router/src/pipeline.js':[
0,
],
'project:ecmascript6/router/src/router.js':[
0,
],
'project:ecmascript6/router/src/util.js':[
0,
],
'project:ecmascript6/router/third_party/brick/brick-1.0.1.byob.js':[
0,
],
'project:ecmascript6/snoode/src/models/stylesheet.es6.js':[
0,
],
'project:ecmascript6/snoode/test/endpoints/v1.js':[
0,
],
'project:ecmascript6/snoode/test/models/account.js':[
0,
],
'project:ecmascript6/snoode/test/models/comment.js':[
0,
],
'project:ecmascript6/snoode/test/models/link.js':[
0,
],
'project:ecmascript6/sonar-web/src/main/js/apps/component-issues/app.js':[
0,
],
'project:ecmascript6/templating/protractor-shared.conf.js':[
0,
],
'project:ecmascript6/templating/protractor-travis.conf.js':[
0,
],
'project:ecmascript6/templating/protractor.conf.js':[
0,
],
'project:ecmascript6/templating/src/lib/index.js':[
0,
],
'project:ecmascript6/templating/src/lib/util/global.js':[
0,
],
'project:ecmascript6/templating/src/lib/util/module_annotator.js':[
0,
],
'project:ecmascript6/templating/src/util/ng_polymer.js':[
0,
],
'project:ecmascript6/templating/test/example/greet.spec.js':[
0,
],
'project:ecmascript6/templating/test/example/ngmodel.spec.js':[
0,
],
'project:ecmascript6/templating/test/example/shadow-dom-util.js':[
0,
],
'project:ecmascript6/templating/test/example/tab.spec.js':[
0,
],
'project:ecmascript6/templating/test/example/todo.spec.js':[
0,
],
'project:ecmascript6/templating/test/example/video.spec.js':[
0,
],
'project:ecmascript6/templating/test/lib/util/document_ready.spec.js':[
0,
],
'project:ecmascript6/watchtower.js/src/linked_list.js':[
0,
],
'project:ecmascript6/watchtower.js/src/watch.js':[
0,
],
'project:frameworks/wordpress/farbtastic.js':[
0,
],
'project:frameworks/wordpress/password-strength-meter.js':[
0,
],
'project:jstorage-0.3.0.js':[
0,
],
'project:ocanvas-2.2.2.js':[
0,
],
'project:open-layers-2.12/OpenLayers/Control/PanZoomBar.js':[
0,
],
'project:open-layers-2.12/OpenLayers/Format/Filter/v1_0_0.js':[
0,
],
'project:open-layers-2.12/OpenLayers/Lang/pl.js':[
0,
],
'project:open-layers-2.12/OpenLayers/Rule.js':[
0,
],
'project:open-layers-2.12/deprecated.js':[
0,
],
'project:paper-0.22.js':[
0,
],
'project:scriptaculous-1.9.0/builder.js':[
0,
],
'project:scriptaculous-1.9.0/controls.js':[
0,
],
'project:scriptaculous-1.9.0/dragdrop.js':[
0,
],
'project:scriptaculous-1.9.0/effects.js':[
0,
],
'project:scriptaculous-1.9.0/scriptaculous.js':[
0,
],
'project:scriptaculous-1.9.0/slider.js':[
0,
],
'project:scriptaculous-1.9.0/sound.js':[
0,
],
'project:scriptaculous-1.9.0/unittest.js':[
0,
],
}
